
> b2b-marketplace@0.1.0 dev
> next dev

   ▲ Next.js 16.0.4 (Turbopack)
   - Local:         http://localhost:3000
   - Network:       http://10.56.17.54:3000
   - Environments: .env.local

 ✓ Starting...
 ⚠ The "middleware" file convention is deprecated. Please use "proxy" instead. Learn more: https://nextjs.org/docs/messages/middleware-to-proxy
 ✓ Ready in 807ms
 GET /login 200 in 2.8s (compile: 2.6s, proxy.ts: 67ms, render: 129ms)
 GET /signup 200 in 329ms (compile: 257ms, proxy.ts: 6ms, render: 66ms)
⏳ Connecting to MongoDB... mongodb+srv://dilkushadrafi_db_user:****@cluster0.fy1tsle.mongodb.net/?appName=Cluster0
✅ Connected to MongoDB
 POST /api/auth/signup 201 in 3.8s (compile: 1013ms, render: 2.8s)
 GET /login 200 in 29ms (compile: 7ms, proxy.ts: 3ms, render: 20ms)
 GET /login 200 in 73ms (compile: 10ms, proxy.ts: 14ms, render: 49ms)
 GET /login 200 in 48ms (compile: 4ms, proxy.ts: 9ms, render: 35ms)
 GET /signup 200 in 34ms (compile: 7ms, proxy.ts: 7ms, render: 20ms)
✅ Using cached MongoDB connection
 POST /api/auth/signup 201 in 280ms (compile: 7ms, render: 272ms)
 GET /login 200 in 18ms (compile: 4ms, proxy.ts: 4ms, render: 10ms)
✅ Using cached MongoDB connection
 POST /api/auth/login 200 in 402ms (compile: 231ms, render: 172ms)
 GET /login 200 in 16ms (compile: 4ms, proxy.ts: 3ms, render: 9ms)
✅ Using cached MongoDB connection
 POST /api/auth/login 200 in 212ms (compile: 4ms, render: 208ms)
 GET /login 200 in 14ms (compile: 2ms, proxy.ts: 1782µs, render: 10ms)
✅ Using cached MongoDB connection
 POST /api/auth/login 200 in 221ms (compile: 6ms, render: 215ms)
 GET /login 200 in 13ms (compile: 1716µs, proxy.ts: 1832µs, render: 10ms)
✅ Using cached MongoDB connection
 POST /api/auth/login 200 in 201ms (compile: 4ms, render: 198ms)
 GET /login 200 in 11ms (compile: 1790µs, proxy.ts: 1542µs, render: 8ms)
✅ Using cached MongoDB connection
 POST /api/auth/login 200 in 198ms (compile: 3ms, render: 195ms)
 GET /login 200 in 12ms (compile: 1652µs, proxy.ts: 2ms, render: 7ms)
✅ Using cached MongoDB connection
 POST /api/auth/login 200 in 202ms (compile: 5ms, render: 197ms)
 GET /login 200 in 12ms (compile: 1638µs, proxy.ts: 1789µs, render: 8ms)
✅ Using cached MongoDB connection
 POST /api/auth/login 200 in 195ms (compile: 5ms, render: 191ms)
 GET /login 200 in 12ms (compile: 1803µs, proxy.ts: 1988µs, render: 8ms)
✅ Using cached MongoDB connection
 POST /api/auth/login 200 in 192ms (compile: 7ms, render: 185ms)
 GET /login 200 in 11ms (compile: 1695µs, proxy.ts: 1665µs, render: 8ms)
 GET /login 200 in 138ms (compile: 36ms, proxy.ts: 45ms, render: 56ms)
 ✓ Compiled in 133ms
 GET /login 200 in 140ms (compile: 104ms, proxy.ts: 9ms, render: 27ms)
 GET /login 200 in 282ms (compile: 51ms, proxy.ts: 13ms, render: 218ms)
✅ Using cached MongoDB connection
 POST /api/auth/login 200 in 234ms (compile: 21ms, render: 214ms)
 GET /login 200 in 48ms (compile: 8ms, proxy.ts: 3ms, render: 37ms)
 ✓ Compiled in 63ms
 GET /login 200 in 189ms (compile: 82ms, proxy.ts: 4ms, render: 104ms)
 GET /login 200 in 67ms (compile: 4ms, proxy.ts: 4ms, render: 59ms)
 GET /login 200 in 53ms (compile: 8ms, proxy.ts: 5ms, render: 40ms)
 GET /login 200 in 30ms (compile: 3ms, proxy.ts: 3ms, render: 24ms)
✅ Using cached MongoDB connection
 POST /api/auth/login 200 in 213ms (compile: 8ms, render: 205ms)
 GET /login 200 in 45ms (compile: 4ms, proxy.ts: 1256µs, render: 40ms)
✅ Using cached MongoDB connection
 POST /api/auth/login 200 in 237ms (compile: 4ms, render: 233ms)
 ✓ Compiled in 62ms
 GET /login 200 in 280ms (compile: 177ms, proxy.ts: 29ms, render: 73ms)
✅ Using cached MongoDB connection
 POST /api/auth/login 200 in 195ms (compile: 9ms, render: 187ms)
 GET /login 200 in 59ms (compile: 4ms, proxy.ts: 2ms, render: 53ms)
✅ Using cached MongoDB connection
 POST /api/auth/login 200 in 265ms (compile: 4ms, render: 261ms)
 GET /login 200 in 36ms (compile: 3ms, proxy.ts: 5ms, render: 27ms)
 GET /login 200 in 429ms (compile: 210ms, proxy.ts: 72ms, render: 148ms)
 GET /login 200 in 379ms (compile: 236ms, proxy.ts: 20ms, render: 124ms)
 ✓ Compiled in 76ms
 GET /login 200 in 251ms (compile: 173ms, proxy.ts: 2ms, render: 76ms)
 GET /login 200 in 58ms (compile: 7ms, proxy.ts: 4ms, render: 46ms)
✅ Using cached MongoDB connection
 POST /api/auth/login 200 in 459ms (compile: 11ms, render: 448ms)
 GET /login 200 in 49ms (compile: 7ms, proxy.ts: 4ms, render: 37ms)
 GET /login 200 in 35ms (compile: 6ms, proxy.ts: 5ms, render: 24ms)
✅ Using cached MongoDB connection
 POST /api/auth/login 200 in 213ms (compile: 5ms, render: 208ms)
 GET /login 200 in 45ms (compile: 6ms, proxy.ts: 4ms, render: 34ms)
✅ Using cached MongoDB connection
 POST /api/auth/signup 201 in 246ms (compile: 8ms, render: 238ms)
✅ Using cached MongoDB connection
 POST /api/auth/login 200 in 156ms (compile: 14ms, render: 142ms)
 GET /login 200 in 30ms (compile: 5ms, proxy.ts: 1263µs, render: 24ms)
 GET /login 200 in 44ms (compile: 9ms, proxy.ts: 6ms, render: 29ms)
 GET /login 200 in 39ms (compile: 7ms, proxy.ts: 5ms, render: 28ms)
 GET /login 200 in 25ms (compile: 1975µs, proxy.ts: 2ms, render: 21ms)
 GET /login 200 in 26ms (compile: 1799µs, proxy.ts: 1643µs, render: 22ms)
 GET /login 200 in 36ms (compile: 1332µs, proxy.ts: 1385µs, render: 34ms)
 GET /signup 200 in 107ms (compile: 89ms, proxy.ts: 2ms, render: 16ms)
 GET /login 200 in 19ms (compile: 1476µs, proxy.ts: 3ms, render: 15ms)
 GET /signup 200 in 13ms (compile: 2ms, proxy.ts: 3ms, render: 8ms)
 GET / 200 in 636ms (compile: 508ms, proxy.ts: 10ms, render: 118ms)
 GET /login 200 in 23ms (compile: 5ms, proxy.ts: 1497µs, render: 17ms)
 GET / 200 in 32ms (compile: 4ms, proxy.ts: 6ms, render: 22ms)
 GET /login 200 in 17ms (compile: 1522µs, proxy.ts: 2ms, render: 13ms)
 GET /login 200 in 30ms (compile: 5ms, proxy.ts: 1579µs, render: 24ms)
 GET /signup 200 in 31ms (compile: 8ms, proxy.ts: 6ms, render: 16ms)
